PING 127.0.0.1 (127.0.0.1) 56(84) bytes of data.

--- 127.0.0.1 ping statistics ---
1 packets transmitted, 1 received, 0% packet loss, 

connect: Network is unreachable
